// Jest Snapshot v1, https://goo.gl/fbAQLP

exports[`render this as expected 1`] = `<div />`;
